WELCOME TO CHESS! 
PLEASE ENTER ONE OF THE FOLLOWING COMMANDS TO BEGIN:
- setup
- game [player1] [player2]
- quit (to exit)

WELCOME TO SETUP MODE!
PLEASE ENTER ONE OF THE FOLLOWING COMMANDS TO CONTINUE:
- + [PieceType] [Coordinate] (to add piece)
- - [Coordinate] (to remove piece)
- = [Colour] (to set turn)
- done (to exit setup mode)

8  --------
7  --------
6  --------
5  --------
4  --------
3  --------
2  --------
1  ----K---
   abcdefgh

8  --------
7  --------
6  --------
5  ----k---
4  --------
3  --------
2  --------
1  ----K---
   abcdefgh

8  --------
7  --------
6  --------
5  ----k---
4  --------
3  --------
2  --------
1  r---K---
   abcdefgh

Invalid setup.

PLEASE ENTER THE FOLLOWING COMMANDS TO BEGIN:
- game [player1] [player2]

THANKS FOR PLAYING CHESS!
Final Score:
