WELCOME TO CHESS! PLEASE ENTER ONE OF THE FOLLOWING COMMANDS TO BEGIN:
- setup
- game [player1] [player2]

STARTING SETUP

8  --------
7  --------
6  --------
5  --------
4  --------
3  --------
2  --------
1  ----K---
   abcdefgh

8  --------
7  --------
6  --------
5  ----k---
4  --------
3  --------
2  --------
1  ----K---
   abcdefgh

8  --------
7  --------
6  --------
5  ----k---
4  --------
3  --------
2  r-------
1  ----K---
   abcdefgh

STARTING GAME!

8  --------
7  --------
6  --------
5  ----k---
4  --------
3  --------
2  r-------
1  ----K---
   abcdefgh

8  --------
7  --------
6  --------
5  ----k---
4  --------
3  --------
2  --------
1  r---K---
   abcdefgh

White is in check.
Final Score:
White: 0
Black: 0
THANKS FOR PLAYING CHESS!
