WELCOME TO CHESS! PLEASE ENTER ONE OF THE FOLLOWING COMMANDS TO BEGIN:
- setup
- game [player1] [player2]

STARTING SETUP

8  --------
7  --------
6  --------
5  --------
4  --------
3  --------
2  --------
1  ----K---
   abcdefgh

8  --------
7  --------
6  --------
5  ----k---
4  --------
3  --------
2  --------
1  ----K---
   abcdefgh

8  --------
7  --------
6  --------
5  ----k---
4  --------
3  --------
2  r-------
1  ----K---
   abcdefgh

8  --------
7  --------
6  --------
5  ----k---
4  --------
3  -r------
2  r-------
1  ----K---
   abcdefgh

8  --------
7  --------
6  -------B
5  ----k---
4  --------
3  -r------
2  r-------
1  ----K---
   abcdefgh

Invalid command.
Invalid command.
STARTING GAME!

8  --------
7  --------
6  -------B
5  ----k---
4  --------
3  -r------
2  r-------
1  ----K---
   abcdefgh

8  --------
7  --------
6  -------B
5  ----k---
4  --------
3  -r------
2  r-------
1  ----K---
   abcdefgh

Invalid move. Input another move.
8  --------
7  --------
6  --------
5  ----k---
4  --------
3  -r------
2  r-------
1  --B-K---
   abcdefgh

8  --------
7  --------
6  --------
5  ----k---
4  --------
3  -r------
2  r-------
1  --B-K---
   abcdefgh

Invalid move. Input another move.
8  --------
7  --------
6  --------
5  ----k---
4  --------
3  -r------
2  r-------
1  --B-K---
   abcdefgh

Invalid move. Input another move.
Final Score:
White: 0
Black: 0
THANKS FOR PLAYING CHESS!
