WELCOME TO CHESS! PLEASE ENTER ONE OF THE FOLLOWING COMMANDS TO BEGIN:
- setup
- game [player1] [player2]

STARTING SETUP

8  --------
7  --------
6  --------
5  --------
4  --------
3  --------
2  --------
1  ----k---
   abcdefgh

8  --------
7  --------
6  --------
5  ----K---
4  --------
3  --------
2  --------
1  ----k---
   abcdefgh

8  --------
7  --------
6  --------
5  ----K---
4  --------
3  --------
2  R-------
1  ----k---
   abcdefgh

8  --------
7  --------
6  --------
5  ----K---
4  --------
3  -R------
2  R-------
1  ----k---
   abcdefgh

8  --------
7  --------
6  -------b
5  ----K---
4  --------
3  -R------
2  R-------
1  ----k---
   abcdefgh

STARTING GAME!

8  --------
7  --------
6  -------b
5  ----K---
4  --------
3  -R------
2  R-------
1  ----k---
   abcdefgh

8  --------
7  --------
6  -------b
5  ----K---
4  --------
3  --------
2  R-------
1  -R--k---
   abcdefgh

Black is in check.
8  --------
7  --------
6  --------
5  ----K---
4  --------
3  --------
2  R-------
1  -Rb-k---
   abcdefgh

8  --------
7  --------
6  --------
5  ----K---
4  --------
3  --------
2  R-------
1  -Rb-k---
   abcdefgh

Invalid move. Input another move.
8  --------
7  --------
6  --------
5  ----K---
4  --------
3  --------
2  R-------
1  --R-k---
   abcdefgh

Black is in check.
Checkmate! White wins!
Final Score:
White: 1
Black: 0
THANKS FOR PLAYING CHESS!
