WELCOME TO CHESS! PLEASE ENTER ONE OF THE FOLLOWING COMMANDS TO BEGIN:
- setup
- game [player1] [player2]

STARTING SETUP

8  K-------
7  --------
6  --------
5  --------
4  --------
3  --------
2  --------
1  --------
   abcdefgh

8  K-------
7  --------
6  --------
5  --------
4  --------
3  --------
2  --------
1  -------k
   abcdefgh

8  K-------
7  --------
6  --------
5  --------
4  --------
3  --------
2  --------
1  -r-----k
   abcdefgh

8  K-------
7  --------
6  --------
5  --------
4  --------
3  --------
2  -r------
1  -r-----k
   abcdefgh

STARTING GAME!

8  K-------
7  --------
6  --------
5  --------
4  --------
3  --------
2  -r------
1  -r-----k
   abcdefgh

8  K-------
7  --------
6  --------
5  --------
4  --------
3  --------
2  -r------
1  r------k
   abcdefgh

White is in check.
Checkmate! Black wins!
Final Score:
White: 0
Black: 1
THANKS FOR PLAYING CHESS!
