WELCOME TO CHESS! PLEASE ENTER ONE OF THE FOLLOWING COMMANDS TO BEGIN:
- setup
- game [player1] [player2]

STARTING GAME!

8  rnbqkbnr
7  pppppppp
6  --------
5  --------
4  --------
3  --------
2  PPPPPPPP
1  RNBQKBNR
   abcdefgh

8  rnbqkbnr
7  pppppppp
6  --------
5  --------
4  -----P--
3  --------
2  PPPPP-PP
1  RNBQKBNR
   abcdefgh

8  rnbqkbnr
7  pppp-ppp
6  --------
5  ----p---
4  -----P--
3  --------
2  PPPPP-PP
1  RNBQKBNR
   abcdefgh

8  rnbqkbnr
7  pppp-ppp
6  --------
5  ----p---
4  -----PP-
3  --------
2  PPPPP--P
1  RNBQKBNR
   abcdefgh

8  rnb-kbnr
7  pppp-ppp
6  --------
5  ----p---
4  -----PPq
3  --------
2  PPPPP--P
1  RNBQKBNR
   abcdefgh

White is in check.
Checkmate! Black wins!
Final Score:
White: 0
Black: 1
THANKS FOR PLAYING CHESS!
