WELCOME TO CHESS! PLEASE ENTER ONE OF THE FOLLOWING COMMANDS TO BEGIN:
- setup
- game [player1] [player2]

STARTING SETUP

8  k-------
7  --------
6  --------
5  --------
4  --------
3  --------
2  --------
1  --------
   abcdefgh

8  k-------
7  --------
6  --------
5  --------
4  --------
3  --------
2  --------
1  -------K
   abcdefgh

8  k-------
7  --------
6  --------
5  --------
4  --------
3  --------
2  --------
1  -R-----K
   abcdefgh

8  k-------
7  --------
6  --------
5  --------
4  --------
3  --------
2  -R------
1  -R-----K
   abcdefgh

STARTING GAME!

8  k-------
7  --------
6  --------
5  --------
4  --------
3  --------
2  -R------
1  -R-----K
   abcdefgh

8  k-------
7  --------
6  --------
5  --------
4  --------
3  --------
2  -R------
1  R------K
   abcdefgh

Black is in check.
Checkmate! White wins!
Final Score:
White: 1
Black: 0
THANKS FOR PLAYING CHESS!
