WELCOME TO CHESS! PLEASE ENTER ONE OF THE FOLLOWING COMMANDS TO BEGIN:
- setup
- game [player1] [player2]

STARTING SETUP

8  --------
7  --------
6  --------
5  --------
4  --------
3  --------
2  --------
1  k-------
   abcdefgh

8  -------K
7  --------
6  --------
5  --------
4  --------
3  --------
2  --------
1  k-------
   abcdefgh

8  -------K
7  --------
6  --------
5  --------
4  --------
3  --------
2  -p------
1  k-------
   abcdefgh

8  B------K
7  --------
6  --------
5  --------
4  --------
3  --------
2  -p------
1  k-------
   abcdefgh

STARTING GAME!

8  B------K
7  --------
6  --------
5  --------
4  --------
3  --------
2  -p------
1  k-------
   abcdefgh

8  -------K
7  --------
6  --------
5  --------
4  --------
3  --------
2  -p------
1  k------B
   abcdefgh

8  -------K
7  --------
6  --------
5  --------
4  --------
3  --------
2  kp------
1  -------B
   abcdefgh

8  -------K
7  --------
6  --------
5  --------
4  ----B---
3  --------
2  kp------
1  --------
   abcdefgh

8  -------K
7  --------
6  --------
5  --------
4  ----B---
3  k-------
2  -p------
1  --------
   abcdefgh

8  -------K
7  --------
6  --------
5  --------
4  --------
3  k-------
2  -p------
1  -B------
   abcdefgh

8  -------K
7  --------
6  --------
5  --------
4  k-------
3  --------
2  -p------
1  -B------
   abcdefgh

8  -------K
7  -------B
6  --------
5  --------
4  k-------
3  --------
2  -p------
1  --------
   abcdefgh

8  -------K
7  -------B
6  --------
5  --------
4  --------
3  k-------
2  -p------
1  --------
   abcdefgh

8  -------K
7  --------
6  --------
5  --------
4  --------
3  k-------
2  -p------
1  -B------
   abcdefgh

Final Score:
White: 0
Black: 0
THANKS FOR PLAYING CHESS!
