WELCOME TO CHESS! PLEASE ENTER ONE OF THE FOLLOWING COMMANDS TO BEGIN:
- setup
- game [player1] [player2]

STARTING SETUP

8  --------
7  --------
6  --------
5  --------
4  --k-----
3  --------
2  --------
1  --------
   abcdefgh

8  --------
7  --------
6  --------
5  -----K--
4  --k-----
3  --------
2  --------
1  --------
   abcdefgh

8  --------
7  --------
6  --------
5  -----K--
4  --k-----
3  --------
2  --------
1  R-------
   abcdefgh

STARTING GAME!

8  --------
7  --------
6  --------
5  -----K--
4  --k-----
3  --------
2  --------
1  R-------
   abcdefgh

8  --------
7  --------
6  --------
5  --------
4  --k-K---
3  --------
2  --------
1  R-------
   abcdefgh

8  --------
7  --------
6  --------
5  --k-----
4  ----K---
3  --------
2  --------
1  R-------
   abcdefgh

8  --------
7  --------
6  --------
5  --k--K--
4  --------
3  --------
2  --------
1  R-------
   abcdefgh

8  --------
7  --------
6  --------
5  -----K--
4  --k-----
3  --------
2  --------
1  R-------
   abcdefgh

8  --------
7  --------
6  --------
5  ------K-
4  --k-----
3  --------
2  --------
1  R-------
   abcdefgh

8  --------
7  --------
6  --------
5  ------K-
4  -k------
3  --------
2  --------
1  R-------
   abcdefgh

Final Score:
White: 0
Black: 0
THANKS FOR PLAYING CHESS!
