WELCOME TO CHESS! PLEASE ENTER ONE OF THE FOLLOWING COMMANDS TO BEGIN:
- setup
- game [player1] [player2]

STARTING SETUP

8  --------
7  --------
6  --------
5  --------
4  --------
3  --------
2  --------
1  k-------
   abcdefgh

8  -------K
7  --------
6  --------
5  --------
4  --------
3  --------
2  --------
1  k-------
   abcdefgh

8  -------K
7  --------
6  --------
5  --------
4  --------
3  --------
2  ------P-
1  k-------
   abcdefgh

STARTING GAME!

8  -------K
7  --------
6  --------
5  --------
4  --------
3  --------
2  ------P-
1  k-------
   abcdefgh

8  -------K
7  --------
6  --------
5  --------
4  ------P-
3  --------
2  --------
1  k-------
   abcdefgh

8  -------K
7  --------
6  --------
5  --------
4  ------P-
3  --------
2  k-------
1  --------
   abcdefgh

8  -------K
7  --------
6  --------
5  ------P-
4  --------
3  --------
2  k-------
1  --------
   abcdefgh

8  -------K
7  --------
6  --------
5  ------P-
4  --------
3  --------
2  --------
1  k-------
   abcdefgh

Final Score:
White: 0
Black: 0
THANKS FOR PLAYING CHESS!
