WELCOME TO CHESS! PLEASE ENTER ONE OF THE FOLLOWING COMMANDS TO BEGIN:
- setup
- game [player1] [player2]

STARTING GAME!

8  rnbqkbnr
7  pppppppp
6  --------
5  --------
4  --------
3  --------
2  PPPPPPPP
1  RNBQKBNR
   abcdefgh

8  rnbqkbnr
7  pppppppp
6  --------
5  --------
4  ----P---
3  --------
2  PPPP-PPP
1  RNBQKBNR
   abcdefgh

8  rnbqkbnr
7  pppp-ppp
6  --------
5  ----p---
4  ----P---
3  --------
2  PPPP-PPP
1  RNBQKBNR
   abcdefgh

8  rnbqkbnr
7  pppp-ppp
6  --------
5  ----p---
4  ----P---
3  --------
2  PPPPKPPP
1  RNBQ-BNR
   abcdefgh

8  rnbqk-nr
7  pppp-ppp
6  --------
5  ----p---
4  -b--P---
3  --------
2  PPPPKPPP
1  RNBQ-BNR
   abcdefgh

8  rnbqk-nr
7  pppp-ppp
6  --------
5  ----p---
4  -b--P---
3  --------
2  PPPP-PPP
1  RNBQKBNR
   abcdefgh

8  rnbqk--r
7  pppp-ppp
6  -----n--
5  ----p---
4  -b--P---
3  --------
2  PPPP-PPP
1  RNBQKBNR
   abcdefgh

8  rnbqk--r
7  pppp-ppp
6  -----n--
5  -B--p---
4  -b--P---
3  --------
2  PPPP-PPP
1  RNBQK-NR
   abcdefgh

8  rnbqk--r
7  pppp-pp-
6  -----n-p
5  -B--p---
4  -b--P---
3  --------
2  PPPP-PPP
1  RNBQK-NR
   abcdefgh

8  rnbqk--r
7  pppp-pp-
6  -----n-p
5  -B--p---
4  -b--P---
3  -----N--
2  PPPP-PPP
1  RNBQK--R
   abcdefgh

8  rnbqk---
7  pppp-ppr
6  -----n-p
5  -B--p---
4  -b--P---
3  -----N--
2  PPPP-PPP
1  RNBQK--R
   abcdefgh

8  rnbqk---
7  pppp-ppr
6  -----n-p
5  -B--p---
4  -b--P---
3  -----N--
2  PPPP-PPP
1  RNBQK--R
   abcdefgh

Invalid move. Input another move.
8  rnbqk---
7  pppp-ppr
6  -----n-p
5  -B--p---
4  -b--P---
3  -----N--
2  PPPPQPPP
1  RNB-K--R
   abcdefgh

8  rnbqk--r
7  pppp-pp-
6  -----n-p
5  -B--p---
4  -b--P---
3  -----N--
2  PPPPQPPP
1  RNB-K--R
   abcdefgh

8  rnbqk--r
7  pppp-pp-
6  -----n-p
5  -B--p---
4  -b--P---
3  --N--N--
2  PPPPQPPP
1  R-B-K--R
   abcdefgh

8  rnbqk--r
7  pppp-pp-
6  -----n-p
5  -B--p---
4  -b--P---
3  --N--N--
2  PPPPQPPP
1  R-B-K--R
   abcdefgh

Invalid move. Input another move.
Final Score:
White: 0
Black: 0
THANKS FOR PLAYING CHESS!
