WELCOME TO CHESS! 
PLEASE ENTER ONE OF THE FOLLOWING COMMANDS TO BEGIN:
- setup
- game [player1] [player2]
- quit (to exit)

STARTING GAME!

8  rnbqkbnr
7  pppppppp
6  --------
5  --------
4  --------
3  --------
2  PPPPPPPP
1  RNBQKBNR
   abcdefgh

8  rnbqkbnr
7  pppppppp
6  --------
5  --------
4  ----P---
3  --------
2  PPPP-PPP
1  RNBQKBNR
   abcdefgh

8  rnbqkbnr
7  pppp-ppp
6  --------
5  ----p---
4  ----P---
3  --------
2  PPPP-PPP
1  RNBQKBNR
   abcdefgh

8  rnbqkbnr
7  pppp-ppp
6  --------
5  ----p---
4  ----P---
3  --------
2  PPPP-PPP
1  RNBQKBNR
   abcdefgh

Invalid move. Input another move.
8  rnbqkbnr
7  pppp-ppp
6  --------
5  ----p---
4  --B-P---
3  --------
2  PPPP-PPP
1  RNBQK-NR
   abcdefgh

8  rnbqkbnr
7  pppp-ppp
6  --------
5  ----p---
4  --B-P---
3  --------
2  PPPP-PPP
1  RNBQK-NR
   abcdefgh

Invalid move. Input another move.
8  rnb-kbnr
7  pppp-ppp
6  --------
5  ----p-q-
4  --B-P---
3  --------
2  PPPP-PPP
1  RNBQK-NR
   abcdefgh

8  rnb-kbnr
7  pppp-ppp
6  --------
5  ----p-q-
4  --B-P---
3  --------
2  PPPP-PPP
1  RNBQK-NR
   abcdefgh

Invalid move. Input another move.
8  rnb-kbnr
7  pppp-ppp
6  --------
5  ----p-q-
4  --B-P---
3  -----N--
2  PPPP-PPP
1  RNBQK--R
   abcdefgh

8  rnb-kbnr
7  ppp--ppp
6  --------
5  ---pp-q-
4  --B-P---
3  -----N--
2  PPPP-PPP
1  RNBQK--R
   abcdefgh

8  rnb-kbnr
7  ppp--ppp
6  --------
5  ---pp-q-
4  --B-P---
3  -----N--
2  PPPP-PPP
1  RNBQ-RK-
   abcdefgh

8  rnb-kbnr
7  ppp--ppp
6  --------
5  ---pp-q-
4  --B-P---
3  -----N--
2  PPPP-PPP
1  RNBQ-RK-
   abcdefgh

Invalid move. Input another move.
8  rn--kbnr
7  ppp--ppp
6  --------
5  ---pp-q-
4  --B-P-b-
3  -----N--
2  PPPP-PPP
1  RNBQ-RK-
   abcdefgh

8  rn--kbnr
7  ppp--ppp
6  --------
5  ---pp-q-
4  --B-P-b-
3  P----N--
2  -PPP-PPP
1  RNBQ-RK-
   abcdefgh

8  r---kbnr
7  ppp--ppp
6  --n-----
5  ---pp-q-
4  --B-P-b-
3  P----N--
2  -PPP-PPP
1  RNBQ-RK-
   abcdefgh

8  r---kbnr
7  ppp--ppp
6  --n-----
5  ---pp-q-
4  P-B-P-b-
3  -----N--
2  -PPP-PPP
1  RNBQ-RK-
   abcdefgh

8  --kr-bnr
7  ppp--ppp
6  --n-----
5  ---pp-q-
4  P-B-P-b-
3  -----N--
2  -PPP-PPP
1  RNBQ-RK-
   abcdefgh


PLEASE ENTER ONE OF THE FOLLOWING COMMANDS TO CONTINUE:
- setup (to create new setup)
- game (to continue with previous setup)
- quit (to exit)

THANKS FOR PLAYING CHESS!
Final Score:
White: 0
Black: 0
