WELCOME TO CHESS! PLEASE ENTER ONE OF THE FOLLOWING COMMANDS TO BEGIN:
- setup
- game [player1] [player2]

STARTING GAME!

8  rnbqkbnr
7  pppppppp
6  --------
5  --------
4  --------
3  --------
2  PPPPPPPP
1  RNBQKBNR
   abcdefgh

8  rnbqkbnr
7  pppppppp
6  --------
5  --------
4  ---P----
3  --------
2  PPP-PPPP
1  RNBQKBNR
   abcdefgh

8  rnbqkbnr
7  ppp-pppp
6  --------
5  ---p----
4  ---P----
3  --------
2  PPP-PPPP
1  RNBQKBNR
   abcdefgh

8  rnbqkbnr
7  ppp-pppp
6  --------
5  ---p----
4  ---P----
3  ---Q----
2  PPP-PPPP
1  RNB-KBNR
   abcdefgh

8  rnb-kbnr
7  ppp-pppp
6  ---q----
5  ---p----
4  ---P----
3  ---Q----
2  PPP-PPPP
1  RNB-KBNR
   abcdefgh

8  rnb-kbnr
7  ppp-pppp
6  ---q----
5  ---p----
4  ---P----
3  ---Q----
2  PPPBPPPP
1  RN--KBNR
   abcdefgh

8  rn--kbnr
7  pppbpppp
6  ---q----
5  ---p----
4  ---P----
3  ---Q----
2  PPPBPPPP
1  RN--KBNR
   abcdefgh

8  rn--kbnr
7  pppbpppp
6  ---q----
5  ---p----
4  ---P----
3  N--Q----
2  PPPBPPPP
1  R---KBNR
   abcdefgh

8  r---kbnr
7  pppbpppp
6  n--q----
5  ---p----
4  ---P----
3  N--Q----
2  PPPBPPPP
1  R---KBNR
   abcdefgh

8  r---kbnr
7  pppbpppp
6  n--q----
5  ---p----
4  ---P----
3  N--Q----
2  PPPBPPPP
1  --KR-BNR
   abcdefgh

8  --kr-bnr
7  pppbpppp
6  n--q----
5  ---p----
4  ---P----
3  N--Q----
2  PPPBPPPP
1  --KR-BNR
   abcdefgh

Final Score:
White: 0
Black: 0
THANKS FOR PLAYING CHESS!
