WELCOME TO CHESS! 
PLEASE ENTER ONE OF THE FOLLOWING COMMANDS TO BEGIN:
- setup
- game [player1] [player2]
- quit (to exit)

STARTING GAME!

8  rnbqkbnr
7  pppppppp
6  --------
5  --------
4  --------
3  --------
2  PPPPPPPP
1  RNBQKBNR
   abcdefgh

8  rnbqkbnr
7  pppppppp
6  --------
5  --------
4  --------
3  ----P---
2  PPPP-PPP
1  RNBQKBNR
   abcdefgh

8  rnbqkbnr
7  -ppppppp
6  --------
5  p-------
4  --------
3  ----P---
2  PPPP-PPP
1  RNBQKBNR
   abcdefgh

8  rnbqkbnr
7  -ppppppp
6  --------
5  p------Q
4  --------
3  ----P---
2  PPPP-PPP
1  RNB-KBNR
   abcdefgh

8  -nbqkbnr
7  -ppppppp
6  r-------
5  p------Q
4  --------
3  ----P---
2  PPPP-PPP
1  RNB-KBNR
   abcdefgh

8  -nbqkbnr
7  -ppppppp
6  r-------
5  Q-------
4  --------
3  ----P---
2  PPPP-PPP
1  RNB-KBNR
   abcdefgh

8  -nbqkbnr
7  -pppppp-
6  r-------
5  Q------p
4  --------
3  ----P---
2  PPPP-PPP
1  RNB-KBNR
   abcdefgh

8  -nbqkbnr
7  -pppppp-
6  r-------
5  Q------p
4  -------P
3  ----P---
2  PPPP-PP-
1  RNB-KBNR
   abcdefgh

8  -nbqkbnr
7  -pppppp-
6  -------r
5  Q------p
4  -------P
3  ----P---
2  PPPP-PP-
1  RNB-KBNR
   abcdefgh

8  -nbqkbnr
7  -pQpppp-
6  -------r
5  -------p
4  -------P
3  ----P---
2  PPPP-PP-
1  RNB-KBNR
   abcdefgh

8  -nbqkbnr
7  -pQpp-p-
6  -----p-r
5  -------p
4  -------P
3  ----P---
2  PPPP-PP-
1  RNB-KBNR
   abcdefgh

8  -nbqkbnr
7  -p-Qp-p-
6  -----p-r
5  -------p
4  -------P
3  ----P---
2  PPPP-PP-
1  RNB-KBNR
   abcdefgh

Black is in check.
8  -nbq-bnr
7  -p-Qpkp-
6  -----p-r
5  -------p
4  -------P
3  ----P---
2  PPPP-PP-
1  RNB-KBNR
   abcdefgh

8  -nbq-bnr
7  -Q--pkp-
6  -----p-r
5  -------p
4  -------P
3  ----P---
2  PPPP-PP-
1  RNB-KBNR
   abcdefgh

8  -nb--bnr
7  -Q--pkp-
6  -----p-r
5  -------p
4  -------P
3  ---qP---
2  PPPP-PP-
1  RNB-KBNR
   abcdefgh

8  -Qb--bnr
7  ----pkp-
6  -----p-r
5  -------p
4  -------P
3  ---qP---
2  PPPP-PP-
1  RNB-KBNR
   abcdefgh

8  -Qb--bnr
7  ----pkpq
6  -----p-r
5  -------p
4  -------P
3  ----P---
2  PPPP-PP-
1  RNB-KBNR
   abcdefgh

8  --Q--bnr
7  ----pkpq
6  -----p-r
5  -------p
4  -------P
3  ----P---
2  PPPP-PP-
1  RNB-KBNR
   abcdefgh

8  --Q--bnr
7  ----p-pq
6  -----pkr
5  -------p
4  -------P
3  ----P---
2  PPPP-PP-
1  RNB-KBNR
   abcdefgh

8  -----bnr
7  ----p-pq
6  ----Qpkr
5  -------p
4  -------P
3  ----P---
2  PPPP-PP-
1  RNB-KBNR
   abcdefgh

Stalemate!

PLEASE ENTER ONE OF THE FOLLOWING COMMANDS TO CONTINUE:
- setup (to create new setup)
- game (to continue with previous setup)
- quit (to exit)

THANKS FOR PLAYING CHESS!
Final Score:
White: 0.5
Black: 0.5
