WELCOME TO CHESS! 
PLEASE ENTER ONE OF THE FOLLOWING COMMANDS TO BEGIN:
- setup
- game [player1] [player2]
- quit (to exit)

WELCOME TO SETUP MODE!
PLEASE ENTER ONE OF THE FOLLOWING COMMANDS TO CONTINUE:
- + [PieceType] [Coordinate] (to add piece)
- - [Coordinate] (to remove piece)
- = [Colour] (to set turn)
- done (to exit setup mode)

8  --------
7  --------
6  --------
5  --------
4  --------
3  --------
2  --------
1  ----K---
   abcdefgh

8  --------
7  --------
6  --------
5  --------
4  --------
3  --------
2  --------
1  ----K--n
   abcdefgh

8  ----k---
7  --------
6  --------
5  --------
4  --------
3  --------
2  --------
1  ----K--n
   abcdefgh

PLEASE ENTER THE FOLLOWING COMMANDS TO BEGIN:
- game [player1] [player2]

STARTING GAME!

8  ----k---
7  --------
6  --------
5  --------
4  --------
3  --------
2  --------
1  ----K--n
   abcdefgh

Stalemate!

PLEASE ENTER ONE OF THE FOLLOWING COMMANDS TO CONTINUE:
- setup (to create new setup)
- game (to continue with previous setup)
- quit (to exit)

THANKS FOR PLAYING CHESS!
Final Score:
White: 0.5
Black: 0.5
