WELCOME TO CHESS! PLEASE ENTER ONE OF THE FOLLOWING COMMANDS TO BEGIN:
- setup
- game [player1] [player2]

STARTING GAME!

8  rnbqkbnr
7  pppppppp
6  --------
5  --------
4  --------
3  --------
2  PPPPPPPP
1  RNBQKBNR
   abcdefgh

8  rnbqkbnr
7  pppppppp
6  --------
5  --------
4  P-------
3  --------
2  -PPPPPPP
1  RNBQKBNR
   abcdefgh

8  rnbqkbnr
7  pppp-ppp
6  --------
5  ----p---
4  P-------
3  --------
2  -PPPPPPP
1  RNBQKBNR
   abcdefgh

8  rnbqkbnr
7  pppp-ppp
6  --------
5  P---p---
4  --------
3  --------
2  -PPPPPPP
1  RNBQKBNR
   abcdefgh

8  rnbqkbnr
7  pppp-ppp
6  --------
5  P-------
4  ----p---
3  --------
2  -PPPPPPP
1  RNBQKBNR
   abcdefgh

8  rnbqkbnr
7  pppp-ppp
6  --------
5  P-------
4  ---Pp---
3  --------
2  -PP-PPPP
1  RNBQKBNR
   abcdefgh

8  rnbqkbnr
7  pppp-ppp
6  --------
5  P-------
4  ---Pp---
3  --------
2  -PP-PPPP
1  RNBQKBNR
   abcdefgh

Invalid move. Input another move.
8  rnbqkbnr
7  pppp-ppp
6  --------
5  P-------
4  --------
3  ---p----
2  -PP-PPPP
1  RNBQKBNR
   abcdefgh

Final Score:
White: 0
Black: 0
THANKS FOR PLAYING CHESS!
